# Power Monitoring Log
#---------------------------------------------------------------------------------------------------------
# Time(s)    | Label                | Type   | Power(W)   | Energy(J)       | Frequency(KHz)  | Voltage(V) 
#---------------------------------------------------------------------------------------------------------
  1.0652     | Run Loop             | INST   | 19.74      | 21.02           | 1953227.00      | 0.00      
  1.1555     | Run Loop             | INST   | 19.66      | 22.72           | 1999999.00      | 0.00      
  1.2451     | Run Loop             | INST   | 19.66      | 24.48           | 1999999.00      | 0.00      
  1.3349     | Run Loop             | INST   | 19.67      | 26.26           | 1999998.00      | 0.00      
  1.4251     | Run Loop             | INST   | 19.67      | 28.04           | 1999998.00      | 0.00      
  1.5111     | Run Loop             | INST   | 19.73      | 29.82           | 2000000.00      | 0.00      
  1.5970     | Run Loop             | INST   | 19.73      | 31.51           | 2000000.00      | 0.00      
  1.6827     | Run Loop             | INST   | 19.73      | 33.21           | 1999999.00      | 0.00      
  1.7686     | Run Loop             | INST   | 19.74      | 34.90           | 1999999.00      | 0.00      
  1.8544     | Run Loop             | INST   | 19.74      | 36.60           | 1999999.00      | 0.00      
  2.0076     | Run Loop             | INST   | 19.74      | 39.63           | 2000003.00      | 0.00      
  2.0933     | Run Loop             | INST   | 19.74      | 41.32           | 1999995.00      | 0.00      
  2.1798     | Run Loop             | INST   | 19.74      | 43.03           | 2000000.00      | 0.00      
  2.2662     | Run Loop             | INST   | 19.74      | 44.74           | 1999998.00      | 0.00      
  2.3530     | Run Loop             | INST   | 19.74      | 46.45           | 1999999.00      | 0.00      
  2.4403     | Run Loop             | INST   | 19.74      | 48.18           | 2000000.00      | 0.00      
  2.5267     | Run Loop             | INST   | 19.75      | 49.89           | 1999999.00      | 0.00      
  2.6145     | Run Loop             | INST   | 19.74      | 51.62           | 2000001.00      | 0.00      
  2.7019     | Run Loop             | INST   | 19.74      | 53.34           | 2000000.00      | 0.00      
  2.7888     | Run Loop             | INST   | 19.75      | 55.07           | 1999999.00      | 0.00      
  3.2431     | Run Loop             | INST   | 19.75      | 64.04           | 2000003.00      | 0.00      
  3.3218     | Run Loop             | INST   | 19.75      | 65.60           | 2000000.00      | 0.00      
  3.4008     | Run Loop             | INST   | 19.75      | 67.16           | 2000000.00      | 0.00      
  3.4797     | Run Loop             | INST   | 19.75      | 68.72           | 2000000.00      | 0.00      
  3.5587     | Run Loop             | INST   | 19.75      | 70.28           | 2000000.00      | 0.00      
  3.6375     | Run Loop             | INST   | 19.75      | 71.83           | 1999999.00      | 0.00      
  3.7162     | Run Loop             | INST   | 19.75      | 73.39           | 2000000.00      | 0.00      
  3.7951     | Run Loop             | INST   | 19.75      | 74.95           | 1999998.00      | 0.00      
  3.8741     | Run Loop             | INST   | 19.75      | 76.51           | 2000000.00      | 0.00      
  3.9531     | Run Loop             | INST   | 19.75      | 78.07           | 2000000.00      | 0.00      
  4.0936     | Run Loop             | INST   | 19.75      | 80.85           | 2000002.00      | 0.00      
  4.1723     | Run Loop             | INST   | 19.75      | 82.40           | 2000000.00      | 0.00      
  4.2511     | Run Loop             | INST   | 19.75      | 83.96           | 2000001.00      | 0.00      
  4.3301     | Run Loop             | INST   | 19.75      | 85.52           | 2000000.00      | 0.00      
  4.4083     | Run Loop             | INST   | 19.75      | 87.07           | 2000000.00      | 0.00      
  4.4872     | Run Loop             | INST   | 19.75      | 88.62           | 2000004.00      | 0.00      
  4.5662     | Run Loop             | INST   | 19.75      | 90.18           | 1999997.00      | 0.00      
  4.6452     | Run Loop             | INST   | 19.75      | 91.74           | 1999997.00      | 0.00      
  4.7241     | Run Loop             | INST   | 19.75      | 93.30           | 2000001.00      | 0.00      
  4.8030     | Run Loop             | INST   | 19.75      | 94.86           | 1999998.00      | 0.00      
  5.2540     | Run Loop             | INST   | 19.75      | 103.77          | 1999999.00      | 0.00      
  5.3316     | Run Loop             | INST   | 19.75      | 105.31          | 2000002.00      | 0.00      
  5.4092     | Run Loop             | INST   | 19.75      | 106.84          | 2000002.00      | 0.00      
  5.4875     | Run Loop             | INST   | 19.75      | 108.39          | 2000000.00      | 0.00      
  5.5653     | Run Loop             | INST   | 19.75      | 109.93          | 1999997.00      | 0.00      
  5.6430     | Run Loop             | INST   | 19.75      | 111.46          | 1999997.00      | 0.00      
  5.7207     | Run Loop             | INST   | 19.75      | 113.00          | 2000000.00      | 0.00      
  5.7983     | Run Loop             | INST   | 19.75      | 114.53          | 2000000.00      | 0.00      
  5.8768     | Run Loop             | INST   | 19.75      | 116.08          | 2000000.00      | 0.00      
  5.9545     | Run Loop             | INST   | 19.75      | 117.62          | 2000000.00      | 0.00      
  6.0928     | Run Loop             | INST   | 19.75      | 120.35          | 2000008.00      | 0.00      
  6.1704     | Run Loop             | INST   | 19.75      | 121.88          | 2000000.00      | 0.00      
  6.2482     | Run Loop             | INST   | 19.75      | 123.42          | 1999999.00      | 0.00      
  6.3259     | Run Loop             | INST   | 19.75      | 124.96          | 1999999.00      | 0.00      
  6.4043     | Run Loop             | INST   | 19.75      | 126.51          | 2000000.00      | 0.00      
  6.4820     | Run Loop             | INST   | 19.75      | 128.04          | 1999999.00      | 0.00      
  6.5597     | Run Loop             | INST   | 19.75      | 129.58          | 2000001.00      | 0.00      
  6.6375     | Run Loop             | INST   | 19.75      | 131.11          | 2000002.00      | 0.00      
  6.7157     | Run Loop             | INST   | 19.75      | 132.66          | 2000000.00      | 0.00      
  6.7933     | Run Loop             | INST   | 19.75      | 134.19          | 1999998.00      | 0.00      
  7.2408     | Run Loop             | INST   | 19.75      | 143.03          | 1999998.00      | 0.00      
  7.3187     | Run Loop             | INST   | 19.75      | 144.57          | 2000006.00      | 0.00      
  7.3960     | Run Loop             | INST   | 19.75      | 146.10          | 2000000.00      | 0.00      
  7.4733     | Run Loop             | INST   | 19.75      | 147.63          | 1999999.00      | 0.00      
  7.5508     | Run Loop             | INST   | 19.75      | 149.16          | 2000000.00      | 0.00      
  7.6280     | Run Loop             | INST   | 19.75      | 150.69          | 2000000.00      | 0.00      
  7.7053     | Run Loop             | INST   | 19.75      | 152.21          | 1999999.00      | 0.00      
  7.7829     | Run Loop             | INST   | 19.75      | 153.75          | 2000004.00      | 0.00      
  7.8601     | Run Loop             | INST   | 19.75      | 155.27          | 2000000.00      | 0.00      
  7.9378     | Run Loop             | INST   | 19.76      | 156.82          | 2000000.00      | 0.00      
  8.0755     | Run Loop             | INST   | 19.75      | 159.53          | 2000001.00      | 0.00      
  8.1528     | Run Loop             | INST   | 19.75      | 161.06          | 1999999.00      | 0.00      
  8.2302     | Run Loop             | INST   | 19.75      | 162.59          | 2000000.00      | 0.00      
  8.3075     | Run Loop             | INST   | 19.75      | 164.11          | 2000000.00      | 0.00      
  8.3849     | Run Loop             | INST   | 19.75      | 165.64          | 2000001.00      | 0.00      
  8.4623     | Run Loop             | INST   | 19.75      | 167.17          | 1999999.00      | 0.00      
  8.5398     | Run Loop             | INST   | 19.75      | 168.70          | 1999997.00      | 0.00      
  8.6170     | Run Loop             | INST   | 19.76      | 170.23          | 2000004.00      | 0.00      
  8.6946     | Run Loop             | INST   | 19.76      | 171.76          | 1999999.00      | 0.00      
  8.7721     | Run Loop             | INST   | 19.76      | 173.29          | 2000000.00      | 0.00      
  9.2200     | Run Loop             | INST   | 19.76      | 182.15          | 2000001.00      | 0.00      
  9.2970     | Run Loop             | INST   | 19.76      | 183.67          | 2000000.00      | 0.00      
  9.3745     | Run Loop             | INST   | 19.76      | 185.20          | 1999998.00      | 0.00      
  9.4516     | Run Loop             | INST   | 19.76      | 186.72          | 2000001.00      | 0.00      
  9.5289     | Run Loop             | INST   | 19.76      | 188.25          | 1999999.00      | 0.00      
  9.6059     | Run Loop             | INST   | 19.76      | 189.77          | 1999999.00      | 0.00      
  9.6830     | Run Loop             | INST   | 19.76      | 191.29          | 1999999.00      | 0.00      
  9.7603     | Run Loop             | INST   | 19.76      | 192.82          | 2000001.00      | 0.00      
  9.8373     | Run Loop             | INST   | 19.76      | 194.34          | 2000007.00      | 0.00      
  9.9149     | Run Loop             | INST   | 19.75      | 195.86          | 1999999.00      | 0.00      
  10.0521    | Run Loop             | INST   | 19.76      | 198.59          | 2000000.00      | 0.00      
  10.1288    | Run Loop             | INST   | 19.76      | 200.11          | 2000003.00      | 0.00      
  10.2061    | Run Loop             | INST   | 19.76      | 201.63          | 1999999.00      | 0.00      
  10.2831    | Run Loop             | INST   | 19.76      | 203.15          | 1999999.00      | 0.00      
  10.3607    | Run Loop             | INST   | 19.76      | 204.68          | 1999999.00      | 0.00      
  10.4380    | Run Loop             | INST   | 19.76      | 206.21          | 1999998.00      | 0.00      
  10.5147    | Run Loop             | INST   | 19.76      | 207.73          | 1999999.00      | 0.00      
  10.5916    | Run Loop             | INST   | 19.76      | 209.25          | 2000001.00      | 0.00      
  10.6687    | Run Loop             | INST   | 19.76      | 210.77          | 2000004.00      | 0.00      
  10.7461    | Run Loop             | INST   | 19.76      | 212.30          | 1999992.00      | 0.00      
